### 初始化磁盘：
- 使用parted分区：

    ```Shell
    #磁盘还未分区
    [ray@CentOSTest ~]$ sudo parted /dev/sda print
    错误: /dev/sdc: unrecognised disk label
    Model: Msft Virtual Disk (scsi)                                           
    Disk /dev/sdc: 53.7GB
    Sector size (logical/physical): 512B/4096B
    Partition Table: unknown
    Disk Flags: 
    ```

- 使用**parted来分区**，使用gpt分区表：
    ```Shell
    #使用parted来分区，使用gpt分区表
    [ray@CentOSTest ~]$ sudo parted /dev/sda
    GNU Parted 3.2
    使用 /dev/sdc
    Welcome to GNU Parted! Type 'help' to view a list of commands.
    (parted) mklabel gpt
    (parted) quit
    ```

- 再次使用**parted <Disk name> print**查看磁盘信息：
    ```Shell
    #可以看到磁盘已经分区成够，显示table为gpt
    [ray@CentOSTest ~]$ sudo parted /dev/sda print
    Model: Msft Virtual Disk (scsi)
    Disk /dev/sdc: 53.7GB
    Sector size (logical/physical): 512B/4096B
    Partition Table: gpt
    Disk Flags: 

    Number  Start  End  Size  File system  Name  标志
    ```

    - 使用gdisk来分区

    ```Shell
    [ray@CentOSTest ~]$ sudo gdisk /dev/sda
    GPT fdisk (gdisk) version 1.0.3

    Partition table scan:
    MBR: protective
    BSD: not present
    APM: not present
    GPT: present

    Found valid GPT with protective MBR; using GPT.

    Command (? for help): n
    Partition number (1-128, default 1): 1
    First sector (34-104857566, default = 2048) or {+-}size{KMGTP}: 
    Last sector (2048-104857566, default = 104857566) or {+-}size{KMGTP}: +20G
    Current type is 'Linux filesystem'
    Hex code or GUID (L to show codes, Enter = 8300): 
    Changed type of partition to 'Linux filesystem'
    #保存并退出
    Command (? for help): w

    Final checks complete. About to write GPT data. THIS WILL OVERWRITE EXISTING
    PARTITIONS!!

    Do you want to proceed? (Y/N): Y
    OK; writing new GUID partition table (GPT) to /dev/sdc.
    The operation has completed successfully.
    ```
- 通过**partprobe更新**分区表信息(核心更新)

    ```Shell
    [ray@CentOSTest ~]$ sudo partprobe
    ```

- 通过**lsblk**看磁盘分区状态
    ```Shell
    [ray@CentOSTest ~]$ lsblk /dev/sda
    NAME   MAJ:MIN RM SIZE RO TYPE MOUNTPOINT
    NAME   MAJ:MIN RM SIZE RO TYPE MOUNTPOINT
    sda      8:0    0  50G  0 disk 
    └─sda1   8:1    0   9K  0 part 
    ```

- 查看 **/proc/partitions**看看**核心**是否能看到分区记录
    ```Shell
    # 核心就能看到分区记录了
    [ray@CentOSTest ~]$ cat /proc/partitions 
    major minor  #blocks  name

    8       32   16777216 sdc
    8       33   16775168 sdc1
    8        0   52428800 sda
    8        1          9 sda1
    8       16  134217728 sdb
    8       17     512000 sdb1
    8       18  133192687 sdb2
    8       30       4096 sdb14
    8       31     506880 sdb15
    ```

- 使用**mkfs.ext4**格式化磁盘创建ext4文件系统：
    ```Shell
    [ray@CentOSTest ~]$ sudo mkfs.ext4 -b 4K /dev/sda1
    mke2fs 1.45.4 (23-Sep-2019)
    丢弃设备块： 完成                            
    创建含有 5242880 个块（每块 4k）和 1310720 个inode的文件系统
    文件系统UUID：0d29996c-ec2c-4d3e-bdc2-bea9101f7426
    超级块的备份存储于下列块： 
            32768, 98304, 163840, 229376, 294912, 819200, 884736, 1605632, 2654208, 
            4096000

    正在分配组表： 完成                            
    正在写入inode表： 完成                            
    创建日志（32768 个块）完成
    写入超级块和文件系统账户统计信息： 已完成 
    ```

- 使用**mkfs.xfs**格式化磁盘创建xfs文件系统：
    ```Shell
    # agcount是cpu数量
    [ray@CentOSTest ~]$ sudo mkfs.xfs -f -d agcount=2 /dev/sda2
    meta-data=/dev/sda2              isize=512    agcount=2, agsize=1310720 blks
             =                       sectsz=4096  attr=2, projid32bit=1
             =                       crc=1        finobt=1, sparse=1, rmapbt=0
             =                       reflink=1
    data     =                       bsize=4096   blocks=2621440, imaxpct=25
             =                       sunit=0      swidth=0 blks
    naming   =version 2              bsize=4096   ascii-ci=0, ftype=1
    log      =internal log           bsize=4096   blocks=2560, version=2
             =                       sectsz=4096  sunit=1 blks, lazy-count=1
    realtime =none                   extsz=4096   blocks=0, rtextents=0
    ```

- 使用**mount**来挂载分区：
    ```Shell
    [ray@CentOSTest ~]$ sudo mount UUID="0d29996c-ec2c-4d3e-bdc2-bea9101f7426" /data/ext4
    [ray@CentOSTest ~]$ sudo mount UUID="4303dedb-c0b3-4168-9cd7-77680ce61334" /data/xfs
    ```
- 使用umount来卸载分区：
    ```Shell
    # 使用文件名来卸载
    [ray@CentOSTest ~]$ sudo umount /dev/sda1
    # 使用挂载点来卸载
    [ray@CentOSTest ~]$ sudo umount /data/xfs
    ```

- 编辑**etc/fstab**设置开机自动挂载：
    ```Shell
    [ray@CentOSTest ~]$ sudo nano /etc/fstab
    UUID=0d29996c-ec2c-4d3e-bdc2-bea9101f7426 /data/ext4 ext4 defaults 0 0
    UUID=4303dedb-c0b3-4168-9cd7-77680ce61334 /data/xfs xfs defaults 0 0
    # 使用mount -a加载etc/fstab文件
    [ray@CentOSTest ~]$ sudo mount -a
    # 两快分区成功挂载
    [ray@CentOSTest ~]$ df
    文件系统           1K-块    已用      可用 已用% 挂载点
    /dev/sda2       10475520  105984  10369536    2% /data/xfs
    /dev/sda1       20511312   45080  19401272    1% /data/ext4
    ```

### 通过Loop将文件映射成设备：
- 使用**dd**创建空文件：
    ```Shell
    [ray@CentOSTest ~]$ sudo dd if=/dev/zero of=/data/loopdev bs=1M count=512
    记录了512+0 的读入
    记录了512+0 的写出
    536870912 bytes (537 MB, 512 MiB) copied, 0.306272 s, 1.8 GB/s
    # 文件被成功创建
    [ray@CentOSTest ~]$ ll -h /data/
    总用量 513M
    drwxr-xr-x. 3 root root 4.0K 11月 25 03:17 ext4
    -rw-r--r--. 1 root root 512M 11月 25 05:58 loopdev
    drwxr-xr-x. 2 root root    6 11月 25 03:21 xfs
    ```

- 使用**mkfs.xf**s格式化此文件：
    ```Shell
    # 默认mkfs.xfs不能格式化文件，所以需要加上参数-f
    [ray@CentOSTest ~]$ sudo mkfs.xfs -f /data/loopdev 
    meta-data=/data/loopdev          isize=512    agcount=4, agsize=32768 blks
         =                       sectsz=512   attr=2, projid32bit=1
         =                       crc=1        finobt=1, sparse=1, rmapbt=0
         =                       reflink=1
    data     =                       bsize=4096   blocks=131072, imaxpct=25
         =                       sunit=0      swidth=0 blks
    naming   =version 2              bsize=4096   ascii-ci=0, ftype=1
    log      =internal log           bsize=4096   blocks=1368, version=2
         =                       sectsz=512   sunit=0 blks, lazy-count=1
    realtime =none                   extsz=4096   blocks=0, rtextents=0
    # 使用blkid查看格式化的文件
    [ray@CentOSTest ~]$ blkid /data/loopdev
    /data/loopdev: UUID="1822df41-b39d-4656-90bd-5198595e58e6" TYPE="xfs"
    ```

- 使用mount挂载：
    ```Shell
    [ray@CentOSTest ~]$ sudo mount -o loop /data/loopdev /data/loop
    # 使用lsblk查看挂载情况
    [ray@CentOSTest ~]$ lsblk
    NAME    MAJ:MIN RM  SIZE RO TYPE MOUNTPOINT
    loop0     7:0    0  512M  0 loop /data/loop

    ```
    > 需要注意的是，用文件作为分区的设备，在/etc/fstab中要使用设备名而不是uuid


### 创建swap：
- 使用**gdisk**分一块区给swap：
    ```Shell
    [ray@CentOSTest ~]$ sudo gdisk /dev/sda
    GPT fdisk (gdisk) version 1.0.3

    Partition table scan:
    MBR: protective
    BSD: not present
    APM: not present
    GPT: present

    Found valid GPT with protective MBR; using GPT.

    Command (? for help): n
    Partition number (3-128, default 3): 
    First sector (34-104857566, default = 62916608) or {+-}size{KMGTP}: 
    Last sector (62916608-104857566, default = 104857566) or {+-}size{KMGTP}: +512M
    Current type is 'Linux filesystem'
    # 8200参数对应的就是linux swap
    Hex code or GUID (L to show codes, Enter = 8300): 8200
    Changed type of partition to 'Linux swap'
    ```

- 使用**mkswap**将设备格式化成swap：
    ```Shell
    [ray@CentOSTest ~]$ sudo mkswap /dev/sda3
    正在设置交换空间版本 1，大小 = 512 MiB (536866816  个字节)
    无标签，UUID=886c8caa-3592-48a1-90d6-7b4c0d26f2ea
    ```

- 使用blkid查看设备是否被成功格式化：
    ```Shell
    [ray@CentOSTest ~]$ sudo blkid /dev/sda3
    /dev/sda3: UUID="886c8caa-3592-48a1-90d6-7b4c0d26f2ea" TYPE="swap" PARTLABEL="Linux swap" PARTUUID="b93cee6f-cd70-4e77-8f07-eca05939fe51"
    ```

- 使用**swapon**启用swap设备并且使用**free**查看内存使用情况：
    ```Shell
    [ray@CentOSTest ~]$ sudo swapon /dev/sda3
    [ray@CentOSTest ~]$ free
                  total        used        free      shared  buff/cache   available
    Mem:        8161380      548056     6147248        8664     1466076     7338108
    Swap:        524284           0      524284
    ```